I'm sorry, but errors were detected in your script. Please correct the
errors listed below, and try again.


File "game/script.rpy", line 16: end of line expected.
    scene bg black_scene.png
                        ^

Ren'Py Version: Ren'Py 8.1.0.23042213
Fri Apr 28 23:25:51 2023
